../Drivers/CMSIS/Include/core_cm4.h:1938:34:__NVIC_SystemReset	4	static,ignoring_inline_asm
../Core/Src/main.c:115:6:EnqueueNextionCommand	176	static
../Core/Src/main.c:133:6:EnqueueCommandRaw	24	static
../Core/Src/main.c:143:6:TrySendNextCommand	8	static
../Core/Src/main.c:150:6:HAL_UART_TxCpltCallback	16	static
../Core/Src/main.c:179:6:SetDisplayVar	16	static
../Core/Src/main.c:196:5:main	80	static
../Core/Src/main.c:294:6:SystemClock_Config	88	static
../Core/Src/main.c:338:6:showError	16	static
../Core/Src/main.c:346:6:hideError	8	static
../Core/Src/main.c:353:6:MapValueCheck	48	static
../Core/Src/main.c:365:6:system_reset	8	static,ignoring_inline_asm
../Core/Src/main.c:377:6:Error_Handler	4	static,ignoring_inline_asm
