../Core/Src/shift_register.c:17:6:SR_Init	8	static
../Core/Src/shift_register.c:28:9:SR_ReadRaw	24	static,ignoring_inline_asm
../Core/Src/shift_register.c:56:5:determineSituation	16	static
../Core/Src/shift_register.c:72:16:countBits	24	static
../Core/Src/shift_register.c:82:15:byteToPosition	24	static
../Core/Src/shift_register.c:105:6:SR_ProcessPeriodic	16	static
../Core/Src/shift_register.c:135:8:SR_GetStablePosition	8	static
../Core/Src/shift_register.c:139:9:SR_HasChanged	4	static
../Core/Src/shift_register.c:147:8:SR_GetCurrentPosition	8	static
../Core/Src/shift_register.c:152:5:checkMapValue	16	static
