../Core/Src/main.c:142:6:TrySendNextCommand	4	static
../Core/Src/main.c:131:6:EnqueueCommandRaw	16	static
../Core/Src/main.c:113:6:EnqueueNextionCommand	176	static
../Core/Src/main.c:150:6:HAL_UART_TxCpltCallback	0	static
../Core/Src/main.c:179:6:SetDisplayVar	0	static
../Core/Src/main.c:289:6:SystemClock_Config	96	static,ignoring_inline_asm
../Core/Src/main.c:196:5:main	96	static
../Core/Src/main.c:333:6:showError	8	static
../Core/Src/main.c:341:6:hideError	8	static
../Core/Src/main.c:348:6:MapValueCheck	16	static
../Core/Src/main.c:360:6:system_reset	8	static,ignoring_inline_asm
../Core/Src/main.c:372:6:Error_Handler	0	static,ignoring_inline_asm
