../Core/Src/main.c:112:6:EnqueueNextionCommand	176	static
../Core/Src/main.c:130:6:EnqueueCommandRaw	24	static
../Core/Src/main.c:141:6:TrySendNextCommand	8	static
../Core/Src/main.c:149:6:HAL_UART_TxCpltCallback	16	static
../Core/Src/main.c:178:6:SetDisplayVar	16	static
../Core/Src/main.c:195:5:main	80	static
../Core/Src/main.c:277:6:SystemClock_Config	88	static
../Core/Src/main.c:321:6:showError	16	static
../Core/Src/main.c:348:6:hideError	8	static
../Core/Src/main.c:377:6:Error_Handler	4	static,ignoring_inline_asm
