../Core/Src/main.c:109:6:EnqueueNextionCommand	176	static
../Core/Src/main.c:127:6:EnqueueCommandRaw	24	static
../Core/Src/main.c:138:6:TrySendNextCommand	8	static
../Core/Src/main.c:146:6:HAL_UART_TxCpltCallback	16	static
../Core/Src/main.c:175:6:SetDisplayVar	16	static
../Core/Src/main.c:192:5:main	80	static
../Core/Src/main.c:274:6:SystemClock_Config	88	static
../Core/Src/main.c:318:6:showError	16	static
../Core/Src/main.c:345:6:hideError	8	static
../Core/Src/main.c:374:6:Error_Handler	4	static,ignoring_inline_asm
