../Core/Src/stm32f3xx_it.c:73:6:NMI_Handler	4	static
../Core/Src/stm32f3xx_it.c:88:6:HardFault_Handler	64	static
../Core/Src/stm32f3xx_it.c:111:6:MemManage_Handler	4	static
../Core/Src/stm32f3xx_it.c:126:6:BusFault_Handler	4	static
../Core/Src/stm32f3xx_it.c:141:6:UsageFault_Handler	4	static
../Core/Src/stm32f3xx_it.c:156:6:SVC_Handler	4	static
../Core/Src/stm32f3xx_it.c:169:6:DebugMon_Handler	4	static
../Core/Src/stm32f3xx_it.c:182:6:PendSV_Handler	4	static
../Core/Src/stm32f3xx_it.c:195:6:SysTick_Handler	8	static
../Core/Src/stm32f3xx_it.c:216:6:EXTI4_IRQHandler	8	static
../Core/Src/stm32f3xx_it.c:236:6:CAN_RX0_IRQHandler	8	static
../Core/Src/stm32f3xx_it.c:249:6:EXTI9_5_IRQHandler	8	static
../Core/Src/stm32f3xx_it.c:278:6:TIM1_BRK_TIM15_IRQHandler	8	static
../Core/Src/stm32f3xx_it.c:293:6:TIM2_IRQHandler	8	static
../Core/Src/stm32f3xx_it.c:307:6:TIM3_IRQHandler	8	static
