../Core/Src/stm32f3xx_it.c:72:6:NMI_Handler	4	static
../Core/Src/stm32f3xx_it.c:87:6:HardFault_Handler	64	static
../Core/Src/stm32f3xx_it.c:110:6:MemManage_Handler	4	static
../Core/Src/stm32f3xx_it.c:125:6:BusFault_Handler	4	static
../Core/Src/stm32f3xx_it.c:140:6:UsageFault_Handler	4	static
../Core/Src/stm32f3xx_it.c:155:6:SVC_Handler	4	static
../Core/Src/stm32f3xx_it.c:168:6:DebugMon_Handler	4	static
../Core/Src/stm32f3xx_it.c:181:6:PendSV_Handler	4	static
../Core/Src/stm32f3xx_it.c:194:6:SysTick_Handler	8	static
../Core/Src/stm32f3xx_it.c:215:6:EXTI4_IRQHandler	8	static
../Core/Src/stm32f3xx_it.c:235:6:CAN_RX0_IRQHandler	8	static
../Core/Src/stm32f3xx_it.c:248:6:EXTI9_5_IRQHandler	8	static
../Core/Src/stm32f3xx_it.c:275:6:TIM2_IRQHandler	8	static
../Core/Src/stm32f3xx_it.c:289:6:TIM3_IRQHandler	8	static
../Core/Src/stm32f3xx_it.c:303:6:USART2_IRQHandler	8	static
